2026-01-01 15:13:02 - Error: Error: Table 'tennis.te_setting' doesn't exist<br/>Error No: 1146<br/>SELECT * FROM `te_setting` WHERE `store_id` = '0' OR `store_id` = '0' ORDER BY `store_id` ASC
File: /var/www/tennis/system/library/db/mysqli.php
Line: 122

Backtrace: 0
File: /var/www/tennis/system/library/db.php
Line: 54
Class: Opencart\System\Library\DB\MySQLi
Function: query

Backtrace: 1
File: /var/www/tennis/admin/model/setting/setting.php
Line: 27
Class: Opencart\System\Library\DB
Function: query

Backtrace: 2
File: /var/www/tennis/system/engine/loader.php
Line: 343
Class: Opencart\Admin\Model\Setting\Setting
Function: getSettings

Backtrace: 3
File: /var/www/tennis/system/engine/proxy.php
Line: 87
Class: Opencart\System\Engine\Loader
Function: Opencart\System\Engine\{closure}

Backtrace: 4
File: /var/www/tennis/admin/controller/startup/setting.php
Line: 18
Class: Opencart\System\Engine\Proxy
Function: __call

Backtrace: 5
File: /var/www/tennis/system/engine/action.php
Line: 96
Class: Opencart\Admin\Controller\Startup\Setting
Function: index

Backtrace: 6
File: /var/www/tennis/system/framework.php
Line: 208
Class: Opencart\System\Engine\Action
Function: execute

Backtrace: 7
File: /var/www/tennis/admin/index.php
Line: 20
Function: require_once
2026-01-01 15:26:18 - Error: <b>Notice</b>:  Undefined property: Proxy::getTotalZoneToGeoZoneByCountryId in <b>/var/www/tennis/admin/controller/localisation/country.php</b> on line <b>475</b>
File: /var/www/tennis/system/engine/proxy.php
Line: 91

Backtrace: 0
File: /var/www/tennis/admin/controller/localisation/country.php
Line: 475
Class: Opencart\System\Engine\Proxy
Function: __call

Backtrace: 1
File: /var/www/tennis/system/engine/action.php
Line: 96
Class: Opencart\Admin\Controller\Localisation\Country
Function: delete

Backtrace: 2
File: /var/www/tennis/system/framework.php
Line: 259
Class: Opencart\System\Engine\Action
Function: execute

Backtrace: 3
File: /var/www/tennis/admin/index.php
Line: 20
Function: require_once
2026-01-01 15:26:31 - Error: <b>Notice</b>:  Undefined property: Proxy::getTotalZoneToGeoZoneByCountryId in <b>/var/www/tennis/admin/controller/localisation/country.php</b> on line <b>475</b>
File: /var/www/tennis/system/engine/proxy.php
Line: 91

Backtrace: 0
File: /var/www/tennis/admin/controller/localisation/country.php
Line: 475
Class: Opencart\System\Engine\Proxy
Function: __call

Backtrace: 1
File: /var/www/tennis/system/engine/action.php
Line: 96
Class: Opencart\Admin\Controller\Localisation\Country
Function: delete

Backtrace: 2
File: /var/www/tennis/system/framework.php
Line: 259
Class: Opencart\System\Engine\Action
Function: execute

Backtrace: 3
File: /var/www/tennis/admin/index.php
Line: 20
Function: require_once
2026-01-01 15:26:44 - Error: <b>Notice</b>:  Undefined property: Proxy::getTotalZoneToGeoZoneByCountryId in <b>/var/www/tennis/admin/controller/localisation/country.php</b> on line <b>475</b>
File: /var/www/tennis/system/engine/proxy.php
Line: 91

Backtrace: 0
File: /var/www/tennis/admin/controller/localisation/country.php
Line: 475
Class: Opencart\System\Engine\Proxy
Function: __call

Backtrace: 1
File: /var/www/tennis/system/engine/action.php
Line: 96
Class: Opencart\Admin\Controller\Localisation\Country
Function: delete

Backtrace: 2
File: /var/www/tennis/system/framework.php
Line: 259
Class: Opencart\System\Engine\Action
Function: execute

Backtrace: 3
File: /var/www/tennis/admin/index.php
Line: 20
Function: require_once
2026-01-01 15:27:02 - Error: <b>Notice</b>:  Undefined property: Proxy::getTotalZoneToGeoZoneByZoneId in <b>/var/www/tennis/admin/controller/localisation/zone.php</b> on line <b>453</b>
File: /var/www/tennis/system/engine/proxy.php
Line: 91

Backtrace: 0
File: /var/www/tennis/admin/controller/localisation/zone.php
Line: 453
Class: Opencart\System\Engine\Proxy
Function: __call

Backtrace: 1
File: /var/www/tennis/system/engine/action.php
Line: 96
Class: Opencart\Admin\Controller\Localisation\Zone
Function: delete

Backtrace: 2
File: /var/www/tennis/system/framework.php
Line: 259
Class: Opencart\System\Engine\Action
Function: execute

Backtrace: 3
File: /var/www/tennis/admin/index.php
Line: 20
Function: require_once
2026-01-03 20:51:02 - PHP Warning:  Undefined array key "en-gb" in /var/www/tennis/catalog/controller/common/language.php on line 37
2026-01-03 20:51:02 - PHP Warning:  Trying to access array offset on value of type null in /var/www/tennis/catalog/controller/common/language.php on line 37
2026-01-03 20:51:02 - PHP Warning:  Undefined array key "en-gb" in /var/www/tennis/catalog/controller/common/language.php on line 38
2026-01-03 20:51:02 - PHP Warning:  Trying to access array offset on value of type null in /var/www/tennis/catalog/controller/common/language.php on line 38
2026-01-03 20:51:10 - PHP Warning:  Undefined array key "en-gb" in /var/www/tennis/catalog/controller/common/language.php on line 37
2026-01-03 20:51:10 - PHP Warning:  Trying to access array offset on value of type null in /var/www/tennis/catalog/controller/common/language.php on line 37
2026-01-03 20:51:10 - PHP Warning:  Undefined array key "en-gb" in /var/www/tennis/catalog/controller/common/language.php on line 38
2026-01-03 20:51:10 - PHP Warning:  Trying to access array offset on value of type null in /var/www/tennis/catalog/controller/common/language.php on line 38
2026-01-03 20:51:11 - PHP Warning:  Undefined array key "en-gb" in /var/www/tennis/catalog/controller/common/language.php on line 37
2026-01-03 20:51:11 - PHP Warning:  Trying to access array offset on value of type null in /var/www/tennis/catalog/controller/common/language.php on line 37
2026-01-03 20:51:11 - PHP Warning:  Undefined array key "en-gb" in /var/www/tennis/catalog/controller/common/language.php on line 38
2026-01-03 20:51:11 - PHP Warning:  Trying to access array offset on value of type null in /var/www/tennis/catalog/controller/common/language.php on line 38
2026-01-11 18:34:20 - Error: Error: Could not load template common/header!
File: /var/www/tennis/system/library/template/twig.php
Line: 122

Backtrace: 0
File: /var/www/tennis/system/library/template.php
Line: 58
Class: Opencart\System\Library\Template\Twig
Function: render

Backtrace: 1
File: /var/www/tennis/system/engine/loader.php
Line: 187
Class: Opencart\System\Library\Template
Function: render

Backtrace: 2
File: /var/www/tennis/catalog/controller/common/header.php
Line: 105
Class: Opencart\System\Engine\Loader
Function: view

Backtrace: 3
File: /var/www/tennis/system/engine/loader.php
Line: 112
Class: Opencart\Catalog\Controller\Common\Header
Function: index

Backtrace: 4
File: /var/www/tennis/catalog/controller/common/home.php
Line: 31
Class: Opencart\System\Engine\Loader
Function: controller

Backtrace: 5
File: /var/www/tennis/system/engine/action.php
Line: 96
Class: Opencart\Catalog\Controller\Common\Home
Function: index

Backtrace: 6
File: /var/www/tennis/system/framework.php
Line: 259
Class: Opencart\System\Engine\Action
Function: execute

Backtrace: 7
File: /var/www/tennis/index.php
Line: 20
Function: require_once
2026-01-11 18:34:48 - Error: Error: Could not load template common/header!
File: /var/www/tennis/system/library/template/twig.php
Line: 122

Backtrace: 0
File: /var/www/tennis/system/library/template.php
Line: 58
Class: Opencart\System\Library\Template\Twig
Function: render

Backtrace: 1
File: /var/www/tennis/system/engine/loader.php
Line: 187
Class: Opencart\System\Library\Template
Function: render

Backtrace: 2
File: /var/www/tennis/catalog/controller/common/header.php
Line: 105
Class: Opencart\System\Engine\Loader
Function: view

Backtrace: 3
File: /var/www/tennis/system/engine/loader.php
Line: 112
Class: Opencart\Catalog\Controller\Common\Header
Function: index

Backtrace: 4
File: /var/www/tennis/catalog/controller/common/home.php
Line: 31
Class: Opencart\System\Engine\Loader
Function: controller

Backtrace: 5
File: /var/www/tennis/system/engine/action.php
Line: 96
Class: Opencart\Catalog\Controller\Common\Home
Function: index

Backtrace: 6
File: /var/www/tennis/system/framework.php
Line: 259
Class: Opencart\System\Engine\Action
Function: execute

Backtrace: 7
File: /var/www/tennis/index.php
Line: 20
Function: require_once
